Tue 24 Sep 2024 03:12:13 PM IST: PID 2807387/home/user/Documents/Serverless_Scheduler/scheduler/manage.py changed, reloading.
Performing system checks...

System check identified no issues (0 silenced).
Connected from views.py/providers
on_subscribe userdata is <paho.mqtt.client.Client object at 0x7fa88dc68f70>
September 24, 2024 - 08:08:36
Django version 5.0.3, using settings 'scheduler.settings'
Starting development server at http://0.0.0.0:8001/
Quit the server with CONTROL-C.

from views.py/providers 
Received message on topic: EVERYONE with payload: b'start_connect34933555-5cca-41fb-aded-4ab7900c48d5'
EVERYONE start_connect34933555-5cca-41fb-aded-4ab7900c48d5
connecting to  34933555-5cca-41fb-aded-4ab7900c48d5
from views.py/providers 
Received message on topic: EVERYONE with payload: b'get_efficiency_score34933555-5cca-41fb-aded-4ab7900c48d5'
EVERYONE get_efficiency_score34933555-5cca-41fb-aded-4ab7900c48d5
on_subscribe userdata is <paho.mqtt.client.Client object at 0x7fa88dc68f70>
from views.py/providers 
Received message on topic: 34933555-5cca-41fb-aded-4ab7900c48d5 with payload: b'EfficiencyScoreSet:{"cpu": 1.0, "memory": 1.0}'
34933555-5cca-41fb-aded-4ab7900c48d5 EfficiencyScoreSet:{"cpu": 1.0, "memory": 1.0}
from views.py/providers 
Received message on topic: 34933555-5cca-41fb-aded-4ab7900c48d5 with payload: b'{"provider_id": "34933555-5cca-41fb-aded-4ab7900c48d5", "task_link": "satyam098/testimage_largeruntime", "task_developer": "66761f88-804d-4188-afff-f4299f9c4508", "job_id": 2649, "numberOfInvocations": 1, "isChained": false, "inputData": "None", "runMultipleInvocations": false, "stage": "dockernotrun"}'
pulled but docker not run
from views.py/providers 
Received message on topic: EVERYONE with payload: b'start_connect34933555-5cca-41fb-aded-4ab7900c48d5'
EVERYONE start_connect34933555-5cca-41fb-aded-4ab7900c48d5
connecting to  34933555-5cca-41fb-aded-4ab7900c48d5
from views.py/providers 
Received message on topic: EVERYONE with payload: b'get_efficiency_score34933555-5cca-41fb-aded-4ab7900c48d5'
EVERYONE get_efficiency_score34933555-5cca-41fb-aded-4ab7900c48d5
on_subscribe userdata is <paho.mqtt.client.Client object at 0x7fa88dc68f70>
from views.py/providers 
Received message on topic: 34933555-5cca-41fb-aded-4ab7900c48d5 with payload: b'EfficiencyScoreSet:{"cpu": 1.0, "memory": 1.0}'
34933555-5cca-41fb-aded-4ab7900c48d5 EfficiencyScoreSet:{"cpu": 1.0, "memory": 1.0}
from views.py/providers 
Received message on topic: 34933555-5cca-41fb-aded-4ab7900c48d5 with payload: b'EfficiencyScoreSet:{"cpu": 1.0, "memory": 1.0}'
34933555-5cca-41fb-aded-4ab7900c48d5 EfficiencyScoreSet:{"cpu": 1.0, "memory": 1.0}
from views.py/providers 
Received message on topic: 34933555-5cca-41fb-aded-4ab7900c48d5 with payload: b'{"provider_id": "34933555-5cca-41fb-aded-4ab7900c48d5", "task_link": "satyam098/testimage_largeruntime", "task_developer": "66761f88-804d-4188-afff-f4299f9c4508", "job_id": 2650, "numberOfInvocations": 1, "isChained": false, "inputData": "None", "runMultipleInvocations": false, "stage": "dockernotrun"}'
pulled but docker not run
from views.py/providers 
Received message on topic: EVERYONE with payload: b'start_connect34933555-5cca-41fb-aded-4ab7900c48d5'
EVERYONE start_connect34933555-5cca-41fb-aded-4ab7900c48d5
connecting to  34933555-5cca-41fb-aded-4ab7900c48d5
from views.py/providers 
Received message on topic: EVERYONE with payload: b'get_efficiency_score34933555-5cca-41fb-aded-4ab7900c48d5'
EVERYONE get_efficiency_score34933555-5cca-41fb-aded-4ab7900c48d5
on_subscribe userdata is <paho.mqtt.client.Client object at 0x7fa88dc68f70>
from views.py/providers 
Received message on topic: 34933555-5cca-41fb-aded-4ab7900c48d5 with payload: b'EfficiencyScoreSet:{"cpu": 1.0, "memory": 1.0}'
34933555-5cca-41fb-aded-4ab7900c48d5 EfficiencyScoreSet:{"cpu": 1.0, "memory": 1.0}
from views.py/providers 
Received message on topic: 34933555-5cca-41fb-aded-4ab7900c48d5 with payload: b'EfficiencyScoreSet:{"cpu": 1.0, "memory": 1.0}'
34933555-5cca-41fb-aded-4ab7900c48d5 EfficiencyScoreSet:{"cpu": 1.0, "memory": 1.0}
from views.py/providers 
Received message on topic: 34933555-5cca-41fb-aded-4ab7900c48d5 with payload: b'{"provider_id": "34933555-5cca-41fb-aded-4ab7900c48d5", "task_link": "satyam098/testimage_largeruntime", "task_developer": "66761f88-804d-4188-afff-f4299f9c4508", "job_id": 2651, "numberOfInvocations": 1, "isChained": false, "inputData": "None", "runMultipleInvocations": false, "stage": "dockernotrun"}'
pulled but docker not run
from views.py/providers 
Received message on topic: EVERYONE with payload: b'start_connect34933555-5cca-41fb-aded-4ab7900c48d5'
EVERYONE start_connect34933555-5cca-41fb-aded-4ab7900c48d5
connecting to  34933555-5cca-41fb-aded-4ab7900c48d5
from views.py/providers 
Received message on topic: EVERYONE with payload: b'get_efficiency_score34933555-5cca-41fb-aded-4ab7900c48d5'
EVERYONE get_efficiency_score34933555-5cca-41fb-aded-4ab7900c48d5
on_subscribe userdata is <paho.mqtt.client.Client object at 0x7fa88dc68f70>
from views.py/providers 
Received message on topic: 34933555-5cca-41fb-aded-4ab7900c48d5 with payload: b'EfficiencyScoreSet:{"cpu": 1.0, "memory": 1.0}'
34933555-5cca-41fb-aded-4ab7900c48d5 EfficiencyScoreSet:{"cpu": 1.0, "memory": 1.0}
from views.py/providers 
Received message on topic: 34933555-5cca-41fb-aded-4ab7900c48d5 with payload: b'EfficiencyScoreSet:{"cpu": 1.0, "memory": 1.0}'
34933555-5cca-41fb-aded-4ab7900c48d5 EfficiencyScoreSet:{"cpu": 1.0, "memory": 1.0}
  File "/home/user/Documents/Serverless_Scheduler/scheduler/manage.py", line 23
    execute_from_command_line(sys.argv)
IndentationError: unexpected indent
 PID 2993039, CPU Usage: 0.0%, Memory VSZ: 9732096 Bytes, Memory RSS: 274432 Bytes
Tue 24 Sep 2024 03:29:47 PM IST: PID 2993039, CPU Usage: 0.0%, Memory VSZ: 9732096 Bytes, Memory RSS: 274432 Bytes
Tue 24 Sep 2024 03:29:53 PM IST: PID 2993039, CPU Usage: 0.0%, Memory VSZ: 9732096 Bytes, Memory RSS: 274432 Bytes
Tue 24 Sep 2024 03:29:58 PM IST: PID 2993039, CPU Usage: 0.0%, Memory VSZ: 9732096 Bytes, Memory RSS: 274432 Bytes
Tue 24 Sep 2024 03:30:03 PM IST: PID 2993039, CPU Usage: 0.0%, Memory VSZ: 9732096 Bytes, Memory RSS: 274432 Bytes
Tue 24 Sep 2024 03:30:08 PM IST: PID 2993039, CPU Usage: 0.0%, Memory VSZ: 9732096 Bytes, Memory RSS: 274432 Bytes
Tue 24 Sep 2024 03:30:13 PM IST: PID 2993039, CPU Usage: 0.0%, Memory VSZ: 9732096 Bytes, Memory RSS: 274432 Bytes
Tue 24 Sep 2024 03:30:18 PM IST: PID 2993039, CPU Usage: 0.0%, Memory VSZ: 9732096 Bytes, Memory RSS: 274432 Bytes
Tue 24 Sep 2024 03:30:23 PM IST: PID 2993039, CPU Usage: 0.0%, Memory VSZ: 9732096 Bytes, Memory RSS: 274432 Bytes
Tue 24 Sep 2024 03:30:28 PM IST: PID 2993039, CPU Usage: 0.0%, Memory VSZ: 9732096 Bytes, Memory RSS: 274432 Bytes
Tue 24 Sep 2024 03:30:33 PM IST: PID 2993039, CPU Usage: 0.0%, Memory VSZ: 9732096 Bytes, Memory RSS: 274432 Bytes
Tue 24 Sep 2024 03:30:38 PM IST: PID 2993039, CPU Usage: 0.0%, Memory VSZ: 9732096 Bytes, Memory RSS: 274432 Bytes
Tue 24 Sep 2024 03:30:43 PM IST: PID 2993039, CPU Usage: 0.0%, Memory VSZ: 9732096 Bytes, Memory RSS: 274432 Bytes
Tue 24 Sep 2024 03:30:48 PM IST: PID 2993039, CPU Usage: 0.0%, Memory VSZ: 9732096 Bytes, Memory RSS: 274432 Bytes
Tue 24 Sep 2024 03:30:53 PM IST: PID 2993039, CPU Usage: 0.0%, Memory VSZ: 9732096 Bytes, Memory RSS: 274432 Bytes
Tue 24 Sep 2024 03:30:58 PM IST: PID 2993039, CPU Usage: 0.0%, Memory VSZ: 9732096 Bytes, Memory RSS: 274432 Bytes
Tue 24 Sep 2024 03:31:03 PM IST: PID 2993039, CPU Usage: 0.0%, Memory VSZ: 9732096 Bytes, Memory RSS: 274432 Bytes
Tue 24 Sep 2024 03:31:08 PM IST: PID 2993039, CPU Usage: 0.0%, Memory VSZ: 9732096 Bytes, Memory RSS: 274432 Bytes
Tue 24 Sep 2024 03:31:13 PM IST: PID 2993039, CPU Usage: 0.0%, Memory VSZ: 9732096 Bytes, Memory RSS: 274432 Bytes
Tue 24 Sep 2024 03:31:32 PM IST: Process 'python provider/provider1.py 34933555-5cca-41fb-aded-4ab7900c48d5' (PID 3013990
3014022), CPU Usage: %, Memory VSZ: 0 Bytes, Memory RSS: 0 Bytes
Tue 24 Sep 2024 03:31:37 PM IST: Process 'python provider/provider1.py 34933555-5cca-41fb-aded-4ab7900c48d5' (PID 3013990
3014022), CPU Usage: %, Memory VSZ: 0 Bytes, Memory RSS: 0 Bytes
Tue 24 Sep 2024 03:31:42 PM IST: Process 'python provider/provider1.py 34933555-5cca-41fb-aded-4ab7900c48d5' (PID 3013990
3014022), CPU Usage: %, Memory VSZ: 0 Bytes, Memory RSS: 0 Bytes
Tue 24 Sep 2024 03:32:34 PM IST: Process 'provider/provider1.py' (PID 3013990
3014279), CPU Usage: %, Memory VSZ: 0 Bytes, Memory RSS: 0 Bytes
Tue 24 Sep 2024 03:33:39 PM IST: Process 'provider/provider1.py 34933555-5cca-41fb-aded-4ab7900c48d5' (PID 3013990
3014393), CPU Usage: %, Memory VSZ: 0 Bytes, Memory RSS: 0 Bytes
Tue 24 Sep 2024 03:33:44 PM IST: Process 'provider/provider1.py 34933555-5cca-41fb-aded-4ab7900c48d5' (PID 3013990
3014393), CPU Usage: %, Memory VSZ: 0 Bytes, Memory RSS: 0 Bytes
Tue 24 Sep 2024 03:37:51 PM IST: Process 'python provider/provider1.py 34933555-5cca-41fb-aded-4ab7900c48d5' (PID 3013990
3014994), CPU Usage: %, Memory VSZ: 0 Bytes, Memory RSS: 0 Bytes
Tue 24 Sep 2024 03:37:56 PM IST: Process 'python provider/provider1.py 34933555-5cca-41fb-aded-4ab7900c48d5' (PID 3013990
3014994), CPU Usage: %, Memory VSZ: 0 Bytes, Memory RSS: 0 Bytes
Tue 24 Sep 2024 03:38:33 PM IST: Process 'python provider/provider1.py 34933555-5cca-41fb-aded-4ab7900c48d5' (PID 3013990
3015110), CPU Usage: %, Memory VSZ: 0 Bytes, Memory RSS: 0 Bytes
Tue 24 Sep 2024 03:38:38 PM IST: Process 'python provider/provider1.py 34933555-5cca-41fb-aded-4ab7900c48d5' (PID 3013990
3015110), CPU Usage: %, Memory VSZ: 0 Bytes, Memory RSS: 0 Bytes
Tue 24 Sep 2024 03:41:15 PM IST: Process 'python provider/provider1.py 34933555-5cca-41fb-aded-4ab7900c48d5' (PID 3013990), CPU Usage: 99.0%, Memory VSZ: 960479232 Bytes, Memory RSS: 159424512 Bytes
Tue 24 Sep 2024 03:41:20 PM IST: Process 'python provider/provider1.py 34933555-5cca-41fb-aded-4ab7900c48d5' (PID 3013990), CPU Usage: 99.1%, Memory VSZ: 960479232 Bytes, Memory RSS: 159424512 Bytes
Tue 24 Sep 2024 03:41:25 PM IST: Process 'python provider/provider1.py 34933555-5cca-41fb-aded-4ab7900c48d5' (PID 3013990), CPU Usage: 99.1%, Memory VSZ: 960479232 Bytes, Memory RSS: 159424512 Bytes
Tue 24 Sep 2024 03:41:30 PM IST: Process 'python provider/provider1.py 34933555-5cca-41fb-aded-4ab7900c48d5' (PID 3013990), CPU Usage: 99.1%, Memory VSZ: 960479232 Bytes, Memory RSS: 159424512 Bytes
Tue 24 Sep 2024 03:41:35 PM IST: Process 'python provider/provider1.py 34933555-5cca-41fb-aded-4ab7900c48d5' (PID 3013990), CPU Usage: 99.1%, Memory VSZ: 960479232 Bytes, Memory RSS: 159424512 Bytes
Tue 24 Sep 2024 03:41:40 PM IST: Process 'python provider/provider1.py 34933555-5cca-41fb-aded-4ab7900c48d5' (PID 3013990), CPU Usage: 99.1%, Memory VSZ: 960479232 Bytes, Memory RSS: 159424512 Bytes
Tue 24 Sep 2024 03:41:45 PM IST: Process 'python provider/provider1.py 34933555-5cca-41fb-aded-4ab7900c48d5' (PID 3013990), CPU Usage: 99.1%, Memory VSZ: 960479232 Bytes, Memory RSS: 159424512 Bytes
Tue 24 Sep 2024 03:41:50 PM IST: Process 'python provider/provider1.py 34933555-5cca-41fb-aded-4ab7900c48d5' (PID 3013990), CPU Usage: 99.1%, Memory VSZ: 960479232 Bytes, Memory RSS: 159424512 Bytes
Tue 24 Sep 2024 03:41:55 PM IST: Process 'python provider/provider1.py 34933555-5cca-41fb-aded-4ab7900c48d5' (PID 3013990), CPU Usage: 99.1%, Memory VSZ: 960479232 Bytes, Memory RSS: 159424512 Bytes
Tue 24 Sep 2024 03:42:00 PM IST: Process 'python provider/provider1.py 34933555-5cca-41fb-aded-4ab7900c48d5' (PID 3013990), CPU Usage: 99.1%, Memory VSZ: 960479232 Bytes, Memory RSS: 159424512 Bytes
Tue 24 Sep 2024 03:42:05 PM IST: Process 'python provider/provider1.py 34933555-5cca-41fb-aded-4ab7900c48d5' (PID 3013990), CPU Usage: 99.1%, Memory VSZ: 960479232 Bytes, Memory RSS: 159424512 Bytes
Tue 24 Sep 2024 03:42:10 PM IST: Process 'python provider/provider1.py 34933555-5cca-41fb-aded-4ab7900c48d5' (PID 3013990), CPU Usage: 99.1%, Memory VSZ: 960479232 Bytes, Memory RSS: 159424512 Bytes
Tue 24 Sep 2024 03:42:15 PM IST: Process 'python provider/provider1.py 34933555-5cca-41fb-aded-4ab7900c48d5' (PID 3013990), CPU Usage: 99.2%, Memory VSZ: 960479232 Bytes, Memory RSS: 159424512 Bytes
Tue 24 Sep 2024 03:42:20 PM IST: Process 'python provider/provider1.py 34933555-5cca-41fb-aded-4ab7900c48d5' (PID 3013990), CPU Usage: 99.2%, Memory VSZ: 960479232 Bytes, Memory RSS: 159424512 Bytes
Tue 24 Sep 2024 03:42:25 PM IST: Process 'python provider/provider1.py 34933555-5cca-41fb-aded-4ab7900c48d5' (PID 3013990), CPU Usage: 99.2%, Memory VSZ: 960479232 Bytes, Memory RSS: 159424512 Bytes
Tue 24 Sep 2024 03:42:30 PM IST: Process 'python provider/provider1.py 34933555-5cca-41fb-aded-4ab7900c48d5' (PID 3013990), CPU Usage: 99.2%, Memory VSZ: 960479232 Bytes, Memory RSS: 159424512 Bytes
Tue 24 Sep 2024 03:52:18 PM IST: Process 'python provider/provider1.py 34933555-5cca-41fb-aded-4ab7900c48d5' (PID 3017253), CPU Usage: 100%, Memory VSZ: 960479232 Bytes, Memory RSS: 160083968 Bytes
Tue 24 Sep 2024 03:52:23 PM IST: Process 'python provider/provider1.py 34933555-5cca-41fb-aded-4ab7900c48d5' (PID 3017253), CPU Usage: 100%, Memory VSZ: 960479232 Bytes, Memory RSS: 160083968 Bytes
Tue 24 Sep 2024 03:52:28 PM IST: Process 'python provider/provider1.py 34933555-5cca-41fb-aded-4ab7900c48d5' (PID 3017253), CPU Usage: 100%, Memory VSZ: 960479232 Bytes, Memory RSS: 160083968 Bytes
Tue 24 Sep 2024 03:52:33 PM IST: Process 'python provider/provider1.py 34933555-5cca-41fb-aded-4ab7900c48d5' (PID 3017253), CPU Usage: 100%, Memory VSZ: 960479232 Bytes, Memory RSS: 160083968 Bytes
Tue 24 Sep 2024 03:52:38 PM IST: Process 'python provider/provider1.py 34933555-5cca-41fb-aded-4ab7900c48d5' (PID 3017253), CPU Usage: 100%, Memory VSZ: 960479232 Bytes, Memory RSS: 160083968 Bytes
Tue 24 Sep 2024 03:52:43 PM IST: Process 'python provider/provider1.py 34933555-5cca-41fb-aded-4ab7900c48d5' (PID 3017253), CPU Usage: 100%, Memory VSZ: 960479232 Bytes, Memory RSS: 160083968 Bytes
Tue 24 Sep 2024 03:52:48 PM IST: Process 'python provider/provider1.py 34933555-5cca-41fb-aded-4ab7900c48d5' (PID 3017253), CPU Usage: 100%, Memory VSZ: 960479232 Bytes, Memory RSS: 160083968 Bytes
Tue 24 Sep 2024 03:52:53 PM IST: Process 'python provider/provider1.py 34933555-5cca-41fb-aded-4ab7900c48d5' (PID 3017253), CPU Usage: 100%, Memory VSZ: 2078351360 Bytes, Memory RSS: 289861632 Bytes
Tue 24 Sep 2024 03:53:09 PM IST: Process 'python provider/provider1.py 34933555-5cca-41fb-aded-4ab7900c48d5' (PID 3017253), CPU Usage: 99.5%, Memory VSZ: 2078351360 Bytes, Memory RSS: 1255583744 Bytes
Tue 24 Sep 2024 03:53:14 PM IST: Process 'python provider/provider1.py 34933555-5cca-41fb-aded-4ab7900c48d5' (PID 3017253), CPU Usage: 98.8%, Memory VSZ: 2078351360 Bytes, Memory RSS: 1255546880 Bytes
Tue 24 Sep 2024 03:53:19 PM IST: Process 'python provider/provider1.py 34933555-5cca-41fb-aded-4ab7900c48d5' (PID 3017253), CPU Usage: 99.0%, Memory VSZ: 2078351360 Bytes, Memory RSS: 1255510016 Bytes
Tue 24 Sep 2024 03:53:24 PM IST: Process 'python provider/provider1.py 34933555-5cca-41fb-aded-4ab7900c48d5' (PID 3017253), CPU Usage: 99.2%, Memory VSZ: 2078351360 Bytes, Memory RSS: 1255493632 Bytes
Tue 24 Sep 2024 03:53:29 PM IST: Process 'python provider/provider1.py 34933555-5cca-41fb-aded-4ab7900c48d5' (PID 3017253), CPU Usage: 99.5%, Memory VSZ: 2078351360 Bytes, Memory RSS: 1251516416 Bytes
Tue 24 Sep 2024 03:53:34 PM IST: Process 'python provider/provider1.py 34933555-5cca-41fb-aded-4ab7900c48d5' (PID 3017253), CPU Usage: 99.6%, Memory VSZ: 2078351360 Bytes, Memory RSS: 1239638016 Bytes
Tue 24 Sep 2024 03:53:40 PM IST: Process 'python provider/provider1.py 34933555-5cca-41fb-aded-4ab7900c48d5' (PID 3017253), CPU Usage: 99.7%, Memory VSZ: 2078351360 Bytes, Memory RSS: 1228623872 Bytes
Tue 24 Sep 2024 03:53:45 PM IST: Process 'python provider/provider1.py 34933555-5cca-41fb-aded-4ab7900c48d5' (PID 3017253), CPU Usage: 99.9%, Memory VSZ: 2078351360 Bytes, Memory RSS: 1228603392 Bytes
Tue 24 Sep 2024 03:53:50 PM IST: Process 'python provider/provider1.py 34933555-5cca-41fb-aded-4ab7900c48d5' (PID 3017253), CPU Usage: 100%, Memory VSZ: 2078351360 Bytes, Memory RSS: 1228599296 Bytes
Tue 24 Sep 2024 03:53:55 PM IST: Process 'python provider/provider1.py 34933555-5cca-41fb-aded-4ab7900c48d5' (PID 3017253), CPU Usage: 99.9%, Memory VSZ: 961560576 Bytes, Memory RSS: 111599616 Bytes
Tue 24 Sep 2024 03:54:00 PM IST: Process 'python provider/provider1.py 34933555-5cca-41fb-aded-4ab7900c48d5' (PID 3017253), CPU Usage: 100%, Memory VSZ: 961560576 Bytes, Memory RSS: 111599616 Bytes
Tue 24 Sep 2024 03:54:05 PM IST: Process 'python provider/provider1.py 34933555-5cca-41fb-aded-4ab7900c48d5' (PID 3017253), CPU Usage: 100%, Memory VSZ: 961560576 Bytes, Memory RSS: 111599616 Bytes
Tue 24 Sep 2024 03:54:10 PM IST: Process 'python provider/provider1.py 34933555-5cca-41fb-aded-4ab7900c48d5' (PID 3017253), CPU Usage: 100%, Memory VSZ: 961560576 Bytes, Memory RSS: 111599616 Bytes
Tue 24 Sep 2024 03:54:15 PM IST: Process 'python provider/provider1.py 34933555-5cca-41fb-aded-4ab7900c48d5' (PID 3017253), CPU Usage: 100%, Memory VSZ: 961560576 Bytes, Memory RSS: 111599616 Bytes
Tue 24 Sep 2024 03:54:20 PM IST: Process 'python provider/provider1.py 34933555-5cca-41fb-aded-4ab7900c48d5' (PID 3017253), CPU Usage: 100%, Memory VSZ: 961560576 Bytes, Memory RSS: 111599616 Bytes
Tue 24 Sep 2024 03:54:25 PM IST: Process 'python provider/provider1.py 34933555-5cca-41fb-aded-4ab7900c48d5' (PID 3017253), CPU Usage: 100%, Memory VSZ: 961560576 Bytes, Memory RSS: 111599616 Bytes
Tue 24 Sep 2024 03:54:30 PM IST: Process 'python provider/provider1.py 34933555-5cca-41fb-aded-4ab7900c48d5' (PID 3017253), CPU Usage: 100%, Memory VSZ: 961560576 Bytes, Memory RSS: 111599616 Bytes
Tue 24 Sep 2024 03:54:35 PM IST: Process 'python provider/provider1.py 34933555-5cca-41fb-aded-4ab7900c48d5' (PID 3017253), CPU Usage: 99.4%, Memory VSZ: 961560576 Bytes, Memory RSS: 111599616 Bytes
Tue 24 Sep 2024 03:54:40 PM IST: Process 'python provider/provider1.py 34933555-5cca-41fb-aded-4ab7900c48d5' (PID 3017253), CPU Usage: 99.4%, Memory VSZ: 961560576 Bytes, Memory RSS: 111599616 Bytes
Tue 24 Sep 2024 03:54:45 PM IST: Process 'python provider/provider1.py 34933555-5cca-41fb-aded-4ab7900c48d5' (PID 3017253), CPU Usage: 99.5%, Memory VSZ: 961560576 Bytes, Memory RSS: 111599616 Bytes
Tue 24 Sep 2024 03:54:50 PM IST: Process 'python provider/provider1.py 34933555-5cca-41fb-aded-4ab7900c48d5' (PID 3017253), CPU Usage: 99.5%, Memory VSZ: 961560576 Bytes, Memory RSS: 111599616 Bytes
Tue 24 Sep 2024 03:54:55 PM IST: Process 'python provider/provider1.py 34933555-5cca-41fb-aded-4ab7900c48d5' (PID 3017253), CPU Usage: 99.5%, Memory VSZ: 961560576 Bytes, Memory RSS: 111599616 Bytes
Tue 24 Sep 2024 03:55:00 PM IST: Process 'python provider/provider1.py 34933555-5cca-41fb-aded-4ab7900c48d5' (PID 3017253), CPU Usage: 99.5%, Memory VSZ: 961560576 Bytes, Memory RSS: 111599616 Bytes
Tue 24 Sep 2024 03:55:05 PM IST: Process 'python provider/provider1.py 34933555-5cca-41fb-aded-4ab7900c48d5' (PID 3017253), CPU Usage: 98.8%, Memory VSZ: 995115008 Bytes, Memory RSS: 116084736 Bytes
Tue 24 Sep 2024 03:55:10 PM IST: Process 'python provider/provider1.py 34933555-5cca-41fb-aded-4ab7900c48d5' (PID 3017253), CPU Usage: 98.9%, Memory VSZ: 995115008 Bytes, Memory RSS: 116084736 Bytes
Tue 24 Sep 2024 03:55:15 PM IST: Process 'python provider/provider1.py 34933555-5cca-41fb-aded-4ab7900c48d5' (PID 3017253), CPU Usage: 98.9%, Memory VSZ: 995115008 Bytes, Memory RSS: 116084736 Bytes
Tue 24 Sep 2024 03:55:20 PM IST: Process 'python provider/provider1.py 34933555-5cca-41fb-aded-4ab7900c48d5' (PID 3017253), CPU Usage: 98.9%, Memory VSZ: 995115008 Bytes, Memory RSS: 116084736 Bytes
Tue 24 Sep 2024 03:55:25 PM IST: Process 'python provider/provider1.py 34933555-5cca-41fb-aded-4ab7900c48d5' (PID 3017253), CPU Usage: 99.0%, Memory VSZ: 995115008 Bytes, Memory RSS: 116084736 Bytes
Tue 24 Sep 2024 03:55:30 PM IST: Process 'python provider/provider1.py 34933555-5cca-41fb-aded-4ab7900c48d5' (PID 3017253), CPU Usage: 99.0%, Memory VSZ: 995115008 Bytes, Memory RSS: 116084736 Bytes
Tue 24 Sep 2024 03:55:35 PM IST: Process 'python provider/provider1.py 34933555-5cca-41fb-aded-4ab7900c48d5' (PID 3017253), CPU Usage: 99.0%, Memory VSZ: 995115008 Bytes, Memory RSS: 116084736 Bytes
Tue 24 Sep 2024 03:55:40 PM IST: Process 'python provider/provider1.py 34933555-5cca-41fb-aded-4ab7900c48d5' (PID 3017253), CPU Usage: 99.0%, Memory VSZ: 995115008 Bytes, Memory RSS: 116084736 Bytes
Tue 24 Sep 2024 03:55:45 PM IST: Process 'python provider/provider1.py 34933555-5cca-41fb-aded-4ab7900c48d5' (PID 3017253), CPU Usage: 99.1%, Memory VSZ: 995115008 Bytes, Memory RSS: 116084736 Bytes
Tue 24 Sep 2024 03:55:50 PM IST: Process 'python provider/provider1.py 34933555-5cca-41fb-aded-4ab7900c48d5' (PID 3017253), CPU Usage: 99.1%, Memory VSZ: 995115008 Bytes, Memory RSS: 116084736 Bytes
Tue 24 Sep 2024 03:55:55 PM IST: Process 'python provider/provider1.py 34933555-5cca-41fb-aded-4ab7900c48d5' (PID 3017253), CPU Usage: 99.1%, Memory VSZ: 995115008 Bytes, Memory RSS: 116084736 Bytes
Tue 24 Sep 2024 03:56:00 PM IST: Process 'python provider/provider1.py 34933555-5cca-41fb-aded-4ab7900c48d5' (PID 3017253), CPU Usage: 99.1%, Memory VSZ: 995115008 Bytes, Memory RSS: 116084736 Bytes
Tue 24 Sep 2024 03:56:05 PM IST: Process 'python provider/provider1.py 34933555-5cca-41fb-aded-4ab7900c48d5' (PID 3017253), CPU Usage: 99.2%, Memory VSZ: 995115008 Bytes, Memory RSS: 116084736 Bytes
Tue 24 Sep 2024 03:56:10 PM IST: Process 'python provider/provider1.py 34933555-5cca-41fb-aded-4ab7900c48d5' (PID 3017253), CPU Usage: 99.2%, Memory VSZ: 995115008 Bytes, Memory RSS: 116084736 Bytes
Tue 24 Sep 2024 03:56:15 PM IST: Process 'python provider/provider1.py 34933555-5cca-41fb-aded-4ab7900c48d5' (PID 3017253), CPU Usage: 99.2%, Memory VSZ: 995115008 Bytes, Memory RSS: 116084736 Bytes
Tue 24 Sep 2024 03:56:20 PM IST: Process 'python provider/provider1.py 34933555-5cca-41fb-aded-4ab7900c48d5' (PID 3017253), CPU Usage: 99.2%, Memory VSZ: 995115008 Bytes, Memory RSS: 116084736 Bytes
Tue 24 Sep 2024 03:56:25 PM IST: Process 'python provider/provider1.py 34933555-5cca-41fb-aded-4ab7900c48d5' (PID 3017253), CPU Usage: 99.2%, Memory VSZ: 995115008 Bytes, Memory RSS: 116084736 Bytes
Tue 24 Sep 2024 03:56:30 PM IST: Process 'python provider/provider1.py 34933555-5cca-41fb-aded-4ab7900c48d5' (PID 3017253), CPU Usage: 99.3%, Memory VSZ: 995115008 Bytes, Memory RSS: 116084736 Bytes
Tue 24 Sep 2024 03:56:35 PM IST: Process 'python provider/provider1.py 34933555-5cca-41fb-aded-4ab7900c48d5' (PID 3017253), CPU Usage: 99.3%, Memory VSZ: 995115008 Bytes, Memory RSS: 116084736 Bytes
Tue 24 Sep 2024 03:56:40 PM IST: Process 'python provider/provider1.py 34933555-5cca-41fb-aded-4ab7900c48d5' (PID 3017253), CPU Usage: 99.3%, Memory VSZ: 995115008 Bytes, Memory RSS: 116084736 Bytes
Tue 24 Sep 2024 03:56:45 PM IST: Process 'python provider/provider1.py 34933555-5cca-41fb-aded-4ab7900c48d5' (PID 3017253), CPU Usage: 99.3%, Memory VSZ: 995115008 Bytes, Memory RSS: 116084736 Bytes
Tue 24 Sep 2024 03:56:50 PM IST: Process 'python provider/provider1.py 34933555-5cca-41fb-aded-4ab7900c48d5' (PID 3017253), CPU Usage: 99.3%, Memory VSZ: 995115008 Bytes, Memory RSS: 116084736 Bytes
Tue 24 Sep 2024 03:56:55 PM IST: Process 'python provider/provider1.py 34933555-5cca-41fb-aded-4ab7900c48d5' (PID 3017253), CPU Usage: 99.3%, Memory VSZ: 995115008 Bytes, Memory RSS: 116084736 Bytes
Tue 24 Sep 2024 03:57:00 PM IST: Process 'python provider/provider1.py 34933555-5cca-41fb-aded-4ab7900c48d5' (PID 3017253), CPU Usage: 99.3%, Memory VSZ: 995115008 Bytes, Memory RSS: 116084736 Bytes
Tue 24 Sep 2024 03:57:05 PM IST: Process 'python provider/provider1.py 34933555-5cca-41fb-aded-4ab7900c48d5' (PID 3017253), CPU Usage: 99.4%, Memory VSZ: 995115008 Bytes, Memory RSS: 116084736 Bytes
Tue 24 Sep 2024 03:57:10 PM IST: Process 'python provider/provider1.py 34933555-5cca-41fb-aded-4ab7900c48d5' (PID 3017253), CPU Usage: 99.4%, Memory VSZ: 995115008 Bytes, Memory RSS: 116084736 Bytes
Wed 25 Sep 2024 11:08:07 PM IST: Process 'python provider/provider1.py 34933555-5cca-41fb-aded-4ab7900c48d5' (PID 1903831), CPU Usage: 98.2%, Memory VSZ: 960483328 Bytes, Memory RSS: 160432128 Bytes
Wed 25 Sep 2024 11:08:07 PM IST: Process 'python provider/provider1.py 34933555-5cca-41fb-aded-4ab7900c48d5' (PID 1903831), CPU Usage: 97.7%, Memory VSZ: 960483328 Bytes, Memory RSS: 160432128 Bytes
Wed 25 Sep 2024 11:08:08 PM IST: Process 'python provider/provider1.py 34933555-5cca-41fb-aded-4ab7900c48d5' (PID 1903831), CPU Usage: 97.2%, Memory VSZ: 960483328 Bytes, Memory RSS: 160432128 Bytes
Wed 25 Sep 2024 11:08:08 PM IST: Process 'python provider/provider1.py 34933555-5cca-41fb-aded-4ab7900c48d5' (PID 1903831), CPU Usage: 97.8%, Memory VSZ: 960483328 Bytes, Memory RSS: 160432128 Bytes
Wed 25 Sep 2024 11:08:09 PM IST: Process 'python provider/provider1.py 34933555-5cca-41fb-aded-4ab7900c48d5' (PID 1903831), CPU Usage: 97.3%, Memory VSZ: 960483328 Bytes, Memory RSS: 160432128 Bytes
Wed 25 Sep 2024 11:08:09 PM IST: Process 'python provider/provider1.py 34933555-5cca-41fb-aded-4ab7900c48d5' (PID 1903831), CPU Usage: 97.8%, Memory VSZ: 960483328 Bytes, Memory RSS: 160432128 Bytes
Wed 25 Sep 2024 11:08:10 PM IST: Process 'python provider/provider1.py 34933555-5cca-41fb-aded-4ab7900c48d5' (PID 1903831), CPU Usage: 97.4%, Memory VSZ: 960483328 Bytes, Memory RSS: 160432128 Bytes
Wed 25 Sep 2024 11:08:10 PM IST: Process 'python provider/provider1.py 34933555-5cca-41fb-aded-4ab7900c48d5' (PID 1903831), CPU Usage: 97.9%, Memory VSZ: 960483328 Bytes, Memory RSS: 160432128 Bytes
Wed 25 Sep 2024 11:08:11 PM IST: Process 'python provider/provider1.py 34933555-5cca-41fb-aded-4ab7900c48d5' (PID 1903831), CPU Usage: 97.4%, Memory VSZ: 960483328 Bytes, Memory RSS: 160432128 Bytes
